// Jest Snapshot v1, https://goo.gl/fbAQLP

exports[`should render Menu component 1`] = `
Object {
  "asFragment": [Function],
  "baseElement": <body>
    <div>
      <div
        class="columns"
      >
        <div
          class="column col-4 col-xs-12"
        >
          <ul
            class="menu"
          >
            <li
              class="menu-item"
            >
              <div
                class="tile tile-centered"
              >
                <div
                  class="tile-icon"
                >
                  <figure
                    class="avatar avatar-sm mx-2"
                    data-initial="JS"
                    style="background: rgb(87, 85, 217);"
                  />
                </div>
                <div
                  class="tile-content"
                >
                  John Smith
                </div>
              </div>
            </li>
            <li
              class="divider"
            />
            <li
              class="menu-item"
            >
              <a
                class="active"
                href="#menus"
              >
                My profile
              </a>
              <div
                class="menu-badge"
              >
                <label
                  class="form-checkbox"
                >
                  <input
                    type="checkbox"
                  />
                  <i
                    class="form-icon"
                  />
                  Public
                </label>
              </div>
            </li>
            <li
              class="menu-item"
            >
              <a
                href="#menus"
              >
                Settings
              </a>
              <div
                class="menu-badge"
              >
                <label
                  class="label label-primary"
                >
                  2
                </label>
              </div>
            </li>
            <li
              class="menu-item"
            >
              <a
                href="#menus"
              >
                Logout
              </a>
            </li>
          </ul>
        </div>
        <div
          class="column col-4 col-xs-12"
        >
          <ul
            class="menu"
          >
            <li
              class="divider"
              data-content="LINKS"
            />
            <li
              class="menu-item"
            >
              <a
                href="#menus"
              >
                Slack
              </a>
            </li>
            <li
              class="menu-item"
            >
              <a
                href="#menus"
              >
                Hipchat
              </a>
            </li>
            <li
              class="menu-item"
            >
              <a
                href="#menus"
              >
                Skype
              </a>
            </li>
          </ul>
        </div>
        <div
          class="column col-4 col-xs-12"
        >
          <ul
            class="menu"
          >
            <li
              class="menu-item"
            >
              <label
                class="form-checkbox"
              >
                <input
                  readonly=""
                  type="checkbox"
                />
                <i
                  class="form-icon"
                />
                 form-checkbox
              </label>
            </li>
            <li
              class="menu-item"
            >
              <label
                class="form-radio"
              >
                <input
                  readonly=""
                  type="radio"
                />
                <i
                  class="form-icon"
                />
                 form-radio
              </label>
            </li>
            <li
              class="menu-item"
            >
              <label
                class="form-switch"
              >
                <input
                  readonly=""
                  type="checkbox"
                />
                <i
                  class="form-icon"
                />
                 form-switch
              </label>
            </li>
          </ul>
        </div>
      </div>
    </div>
  </body>,
  "container": <div>
    <div
      class="columns"
    >
      <div
        class="column col-4 col-xs-12"
      >
        <ul
          class="menu"
        >
          <li
            class="menu-item"
          >
            <div
              class="tile tile-centered"
            >
              <div
                class="tile-icon"
              >
                <figure
                  class="avatar avatar-sm mx-2"
                  data-initial="JS"
                  style="background: rgb(87, 85, 217);"
                />
              </div>
              <div
                class="tile-content"
              >
                John Smith
              </div>
            </div>
          </li>
          <li
            class="divider"
          />
          <li
            class="menu-item"
          >
            <a
              class="active"
              href="#menus"
            >
              My profile
            </a>
            <div
              class="menu-badge"
            >
              <label
                class="form-checkbox"
              >
                <input
                  type="checkbox"
                />
                <i
                  class="form-icon"
                />
                Public
              </label>
            </div>
          </li>
          <li
            class="menu-item"
          >
            <a
              href="#menus"
            >
              Settings
            </a>
            <div
              class="menu-badge"
            >
              <label
                class="label label-primary"
              >
                2
              </label>
            </div>
          </li>
          <li
            class="menu-item"
          >
            <a
              href="#menus"
            >
              Logout
            </a>
          </li>
        </ul>
      </div>
      <div
        class="column col-4 col-xs-12"
      >
        <ul
          class="menu"
        >
          <li
            class="divider"
            data-content="LINKS"
          />
          <li
            class="menu-item"
          >
            <a
              href="#menus"
            >
              Slack
            </a>
          </li>
          <li
            class="menu-item"
          >
            <a
              href="#menus"
            >
              Hipchat
            </a>
          </li>
          <li
            class="menu-item"
          >
            <a
              href="#menus"
            >
              Skype
            </a>
          </li>
        </ul>
      </div>
      <div
        class="column col-4 col-xs-12"
      >
        <ul
          class="menu"
        >
          <li
            class="menu-item"
          >
            <label
              class="form-checkbox"
            >
              <input
                readonly=""
                type="checkbox"
              />
              <i
                class="form-icon"
              />
               form-checkbox
            </label>
          </li>
          <li
            class="menu-item"
          >
            <label
              class="form-radio"
            >
              <input
                readonly=""
                type="radio"
              />
              <i
                class="form-icon"
              />
               form-radio
            </label>
          </li>
          <li
            class="menu-item"
          >
            <label
              class="form-switch"
            >
              <input
                readonly=""
                type="checkbox"
              />
              <i
                class="form-icon"
              />
               form-switch
            </label>
          </li>
        </ul>
      </div>
    </div>
  </div>,
  "debug": [Function],
  "findAllByAltText": [Function],
  "findAllByDisplayValue": [Function],
  "findAllByLabelText": [Function],
  "findAllByPlaceholderText": [Function],
  "findAllByRole": [Function],
  "findAllByTestId": [Function],
  "findAllByText": [Function],
  "findAllByTitle": [Function],
  "findByAltText": [Function],
  "findByDisplayValue": [Function],
  "findByLabelText": [Function],
  "findByPlaceholderText": [Function],
  "findByRole": [Function],
  "findByTestId": [Function],
  "findByText": [Function],
  "findByTitle": [Function],
  "getAllByAltText": [Function],
  "getAllByDisplayValue": [Function],
  "getAllByLabelText": [Function],
  "getAllByPlaceholderText": [Function],
  "getAllByRole": [Function],
  "getAllByTestId": [Function],
  "getAllByText": [Function],
  "getAllByTitle": [Function],
  "getByAltText": [Function],
  "getByDisplayValue": [Function],
  "getByLabelText": [Function],
  "getByPlaceholderText": [Function],
  "getByRole": [Function],
  "getByTestId": [Function],
  "getByText": [Function],
  "getByTitle": [Function],
  "queryAllByAltText": [Function],
  "queryAllByDisplayValue": [Function],
  "queryAllByLabelText": [Function],
  "queryAllByPlaceholderText": [Function],
  "queryAllByRole": [Function],
  "queryAllByTestId": [Function],
  "queryAllByText": [Function],
  "queryAllByTitle": [Function],
  "queryByAltText": [Function],
  "queryByDisplayValue": [Function],
  "queryByLabelText": [Function],
  "queryByPlaceholderText": [Function],
  "queryByRole": [Function],
  "queryByTestId": [Function],
  "queryByText": [Function],
  "queryByTitle": [Function],
  "rerender": [Function],
  "unmount": [Function],
}
`;
