// Jest Snapshot v1, https://goo.gl/fbAQLP

exports[`should render Bar component 1`] = `
Object {
  "asFragment": [Function],
  "baseElement": <body>
    <div>
      <div
        class="bar"
      >
        <div
          class="bar-item tooltip"
          data-tooltip="25%"
          role="progressbar"
          style="width: 25%;"
        >
          25%
        </div>
        <div
          class="bar-item tooltip"
          data-tooltip="15%"
          role="progressbar"
          style="width: 15%; background: rgb(129, 127, 227);"
        >
          15%
        </div>
        <div
          class="bar-item tooltip"
          data-tooltip="10%"
          role="progressbar"
          style="width: 10%; background: rgb(170, 169, 235);"
        >
          10%
        </div>
        <div
          class="bar-item tooltip"
          data-tooltip="15%"
          role="progressbar"
          style="width: 15%;"
        >
          15%
        </div>
      </div>
    </div>
  </body>,
  "container": <div>
    <div
      class="bar"
    >
      <div
        class="bar-item tooltip"
        data-tooltip="25%"
        role="progressbar"
        style="width: 25%;"
      >
        25%
      </div>
      <div
        class="bar-item tooltip"
        data-tooltip="15%"
        role="progressbar"
        style="width: 15%; background: rgb(129, 127, 227);"
      >
        15%
      </div>
      <div
        class="bar-item tooltip"
        data-tooltip="10%"
        role="progressbar"
        style="width: 10%; background: rgb(170, 169, 235);"
      >
        10%
      </div>
      <div
        class="bar-item tooltip"
        data-tooltip="15%"
        role="progressbar"
        style="width: 15%;"
      >
        15%
      </div>
    </div>
  </div>,
  "debug": [Function],
  "findAllByAltText": [Function],
  "findAllByDisplayValue": [Function],
  "findAllByLabelText": [Function],
  "findAllByPlaceholderText": [Function],
  "findAllByRole": [Function],
  "findAllByTestId": [Function],
  "findAllByText": [Function],
  "findAllByTitle": [Function],
  "findByAltText": [Function],
  "findByDisplayValue": [Function],
  "findByLabelText": [Function],
  "findByPlaceholderText": [Function],
  "findByRole": [Function],
  "findByTestId": [Function],
  "findByText": [Function],
  "findByTitle": [Function],
  "getAllByAltText": [Function],
  "getAllByDisplayValue": [Function],
  "getAllByLabelText": [Function],
  "getAllByPlaceholderText": [Function],
  "getAllByRole": [Function],
  "getAllByTestId": [Function],
  "getAllByText": [Function],
  "getAllByTitle": [Function],
  "getByAltText": [Function],
  "getByDisplayValue": [Function],
  "getByLabelText": [Function],
  "getByPlaceholderText": [Function],
  "getByRole": [Function],
  "getByTestId": [Function],
  "getByText": [Function],
  "getByTitle": [Function],
  "queryAllByAltText": [Function],
  "queryAllByDisplayValue": [Function],
  "queryAllByLabelText": [Function],
  "queryAllByPlaceholderText": [Function],
  "queryAllByRole": [Function],
  "queryAllByTestId": [Function],
  "queryAllByText": [Function],
  "queryAllByTitle": [Function],
  "queryByAltText": [Function],
  "queryByDisplayValue": [Function],
  "queryByLabelText": [Function],
  "queryByPlaceholderText": [Function],
  "queryByRole": [Function],
  "queryByTestId": [Function],
  "queryByText": [Function],
  "queryByTitle": [Function],
  "rerender": [Function],
  "unmount": [Function],
}
`;
