// Jest Snapshot v1, https://goo.gl/fbAQLP

exports[`should render Pagination component 1`] = `
Object {
  "asFragment": [Function],
  "baseElement": <body>
    <div>
      <ul
        class="pagination"
      >
        <li
          class="page-item disabled"
        >
          <a
            href="#"
            tabindex="-1"
          >
            Previous
          </a>
        </li>
        <li
          class="page-item active"
        >
          <a
            href="#"
          >
            1
          </a>
        </li>
        <li
          class="page-item"
        >
          <a
            href="#"
          >
            2
          </a>
        </li>
        <li
          class="page-item"
        >
          <a
            href="#"
          >
            3
          </a>
        </li>
        <li
          class="page-item"
        >
          <span>
            ...
          </span>
        </li>
        <li
          class="page-item"
        >
          <a
            href="#"
          >
            12
          </a>
        </li>
        <li
          class="page-item"
        >
          <a
            href="#"
          >
            Next
          </a>
        </li>
      </ul>
    </div>
  </body>,
  "container": <div>
    <ul
      class="pagination"
    >
      <li
        class="page-item disabled"
      >
        <a
          href="#"
          tabindex="-1"
        >
          Previous
        </a>
      </li>
      <li
        class="page-item active"
      >
        <a
          href="#"
        >
          1
        </a>
      </li>
      <li
        class="page-item"
      >
        <a
          href="#"
        >
          2
        </a>
      </li>
      <li
        class="page-item"
      >
        <a
          href="#"
        >
          3
        </a>
      </li>
      <li
        class="page-item"
      >
        <span>
          ...
        </span>
      </li>
      <li
        class="page-item"
      >
        <a
          href="#"
        >
          12
        </a>
      </li>
      <li
        class="page-item"
      >
        <a
          href="#"
        >
          Next
        </a>
      </li>
    </ul>
  </div>,
  "debug": [Function],
  "findAllByAltText": [Function],
  "findAllByDisplayValue": [Function],
  "findAllByLabelText": [Function],
  "findAllByPlaceholderText": [Function],
  "findAllByRole": [Function],
  "findAllByTestId": [Function],
  "findAllByText": [Function],
  "findAllByTitle": [Function],
  "findByAltText": [Function],
  "findByDisplayValue": [Function],
  "findByLabelText": [Function],
  "findByPlaceholderText": [Function],
  "findByRole": [Function],
  "findByTestId": [Function],
  "findByText": [Function],
  "findByTitle": [Function],
  "getAllByAltText": [Function],
  "getAllByDisplayValue": [Function],
  "getAllByLabelText": [Function],
  "getAllByPlaceholderText": [Function],
  "getAllByRole": [Function],
  "getAllByTestId": [Function],
  "getAllByText": [Function],
  "getAllByTitle": [Function],
  "getByAltText": [Function],
  "getByDisplayValue": [Function],
  "getByLabelText": [Function],
  "getByPlaceholderText": [Function],
  "getByRole": [Function],
  "getByTestId": [Function],
  "getByText": [Function],
  "getByTitle": [Function],
  "queryAllByAltText": [Function],
  "queryAllByDisplayValue": [Function],
  "queryAllByLabelText": [Function],
  "queryAllByPlaceholderText": [Function],
  "queryAllByRole": [Function],
  "queryAllByTestId": [Function],
  "queryAllByText": [Function],
  "queryAllByTitle": [Function],
  "queryByAltText": [Function],
  "queryByDisplayValue": [Function],
  "queryByLabelText": [Function],
  "queryByPlaceholderText": [Function],
  "queryByRole": [Function],
  "queryByTestId": [Function],
  "queryByText": [Function],
  "queryByTitle": [Function],
  "rerender": [Function],
  "unmount": [Function],
}
`;
